  console.log
    DEBUG: mockState before init {"inventory":["Energy Cell","Scrap","Alien Crystal"],"gameState":"combat","character":{"hp":50,"maxHp":100,"energy":50,"maxEnergy":100}}

      at Object.log (tests/systems/inventory.test.js:27:17)

  console.log
    DEBUG: mockState before init {"inventory":["Energy Cell","Scrap","Alien Crystal"],"gameState":"combat","character":{"hp":50,"maxHp":100,"energy":50,"maxEnergy":100}}

      at Object.log (tests/systems/inventory.test.js:27:17)

node : FAIL tests/systems/inventory.test.js
At line:1 char:1
+ node "d:/source/Roogames/Space 
Adventure/node_modules/jest/bin/jest.j ...
+ ~~~~~~~~~~~~~~~~~~~~~~~~~~~~~~~~~~~~~~~~~~~~~~~~~~~~~~~
~~~~~~~~~~~~~~
    + CategoryInfo          : NotSpecified: (FAIL tests/ 
   systems/inventory.test.js:String) [], RemoteExceptio  
  n
    + FullyQualifiedErrorId : NativeCommandError
 
  Inventory System
    ├ù useCombatItem heals character and consumes item 
(51 ms)
    ΓêÜ useCombatItem does nothing for non-consumables 
(6 ms)

  ΓùÅ Inventory System ΓÇ║ useCombatItem heals character 
and consumes item

    expect(received).toBe(expected) // Object.is equality

    Expected: 80
    Received: 50

    [0m [90m 49 |[39m         
useCombatItem([32m'Energy Cell'[39m)[33m;[39m
     [90m 50 |[39m
    [31m[1m>[22m[39m[90m 51 |[39m         expect(mo
ckState[33m.[39mcharacter[33m.[39mhp)[33m.[39mtoBe(
[35m80[39m)[33m;[39m
     [90m    |[39m                                     
   [31m[1m^[22m[39m
     [90m 52 |[39m         expect(mockState[33m.[39mi
nventory)[33m.[39mnot[33m.[39mtoContain([32m'Energy 
Cell'[39m)[33m;[39m
     [90m 53 |[39m         expect(mockUi[33m.[39maddL
og)[33m.[39mtoHaveBeenCalledWith(expect[33m.[39mstrin
gContaining([32m'recovered'[39m))[33m;[39m
     [90m 54 |[39m[0m

      at Object.toBe 
(tests/systems/inventory.test.js:51:40)

Test Suites: 1 failed, 1 total
Tests:       1 failed, 1 passed, 2 total
Snapshots:   0 total
Time:        4.865 s
Ran all test suites matching 
/d:\\source\\Roogames\\Space 
Adventure\\tests\\systems\\inventory.test.js/i.
